main.c:93:5:main	264	static
main.c:229:6:SystemClock_Config	88	static
main.c:283:13:MX_ADC1_Init	24	static
main.c:333:13:MX_ADC3_Init	24	static
main.c:383:13:MX_CAN1_Init	8	static
main.c:420:13:MX_CAN2_Init	8	static
main.c:457:13:MX_SDMMC1_SD_Init	8	static
main.c:493:13:MX_SPI1_Init	8	static
main.c:533:13:MX_TIM3_Init	64	static
main.c:592:13:MX_USART2_Init	8	static
main.c:626:13:MX_USART3_UART_Init	8	static
main.c:661:13:MX_USART6_UART_Init	8	static
main.c:696:13:MX_USB_OTG_FS_PCD_Init	8	static
main.c:731:13:MX_GPIO_Init	64	static
main.c:859:6:Error_Handler	4	static,ignoring_inline_asm
