main.c:87:5:main	264	static
main.c:217:6:SystemClock_Config	88	static
main.c:271:13:MX_ADC1_Init	24	static
main.c:321:13:MX_ADC3_Init	24	static
main.c:371:13:MX_CAN1_Init	8	static
main.c:408:13:MX_CAN2_Init	8	static
main.c:445:13:MX_SDMMC1_SD_Init	8	static
main.c:481:13:MX_SPI1_Init	8	static
main.c:521:13:MX_USART2_UART_Init	8	static
main.c:556:13:MX_USART3_UART_Init	8	static
main.c:591:13:MX_USB_OTG_FS_PCD_Init	8	static
main.c:626:13:MX_GPIO_Init	64	static
main.c:758:6:Error_Handler	4	static,ignoring_inline_asm
